use cases :

$ < Makefile
- return 0

$ < doesnt_exist.txt
doesnt_exist.txt: No such file or directory
- return 1

$ < Makefile ls
*does ls*
- return 0

$ ls < Makefile -l
*does ls -l*
- return 0

$ -l ls
-l: command not found
- return 127


export/unset use cases :

$ export var1 var2
*exports both variables without a value*

$ export var1 var1=hey
*exports var1="hey"*

$ export var1=hey var1=hola
*exports var1="hola"*

$ unset var1 var2
*deletes both variables from export list*

Parser :
$ cd /home/"$USER/.local"/bin
$ cd /home/'$USER'/.local"/bin
$ echo $PWD/.local/bin
$ echo "hey '$PWD/var.log'"
$ cat >>~/.zshrc     <<EOF|wc -l
